Mono path[0] = 'C:/Program Files (x86)/Steam/steamapps/common/Valheim/valheim_Data/Managed'
Mono config path = 'C:/Program Files (x86)/Steam/steamapps/common/Valheim/MonoBleedingEdge/etc'
Input System module state changed to: Initialized.
[Physics::Module] Initialized fallback backend.
[Physics::Module] Id: 0xdecafbad
Initialize engine version: 6000.0.75f1 (26349cd2a5c8)
[Subsystems] Discovering subsystems at path C:/Program Files (x86)/Steam/steamapps/common/Valheim/valheim_Data/UnitySubsystems
Forcing GfxDevice: Null
GfxDevice: creating device client; kGfxThreadingModeNonThreaded
NullGfxDevice:
    Version:  NULL 1.0 [1.0]
    Renderer: Null Device
    Vendor:   Unity Technologies
Begin MonoManager ReloadAssembly
- Loaded All Assemblies, in  0.085 seconds
- Finished resetting the current domain, in  0.001 seconds
[Physics::Module] Selected backend.
[Physics::Module] Name: PhysX
[Physics::Module] Id: 0xf2b8ea05
[Physics::Module] SDK Version: 4.1.2
[Physics::Module] Integration Version: 1.0.0
[Physics::Module] Threading Mode: Multi-Threaded
Microsoft Media Foundation video decoding to texture disabled: graphics device is Null, only Direct3D 11 and Direct3D 12 (only on desktop) are supported for hardware-accelerated video decoding.
UnloadTime: 0.285900 ms
09/13/2026 19:08:03: Using steam_appid.txt
09/13/2026 19:08:03: Using steam APPID:892970
[Steamworks.NET] SteamAPI_Init() failed. Refer to Valve's documentation or the comment above this line for more information.
09/13/2026 19:08:03: 2026-09-13 19:08:03:185: Using steam_appid.txt
09/13/2026 19:08:03: Platform doesn't implement Process Lifetime Management! Don't initialize suspend manager.
InvalidOperationException: Steamworks is not initialized.
  at Steamworks.InteropHelp.TestIfAvailableClient () [0x0001d] in <bffc49b0004d4c5c9e7e24e6e098c819>:0 
  at Steamworks.SteamUserStats.RequestCurrentStats () [0x00000] in <bffc49b0004d4c5c9e7e24e6e098c819>:0 
  at Splatform.Steam.SteamAchievements.Initialize (Splatform.InitializeAchievementsCompletedHandler completedHandler) [0x0004c] in <b741f543430842d38228d7037684e955>:0 
  at PlatformInitializer.OnInitializeCompleted (System.Boolean succeeded) [0x0002e] in <b8a6fd30306143b399f211c2e315bc54>:0 
  at Splatform.Steam.SteamPlatform.InitializeAsync (Splatform.PlatformConfiguration platformConfiguration, Splatform.AsyncOperationCompletedHandler completedHandler) [0x00095] in <b741f543430842d38228d7037684e955>:0 
  at Splatform.PlatformManager.InitializeInternalAsync (Splatform.PlatformConfiguration platformConfiguration, Splatform.AsyncOperationCompletedHandler completedHandler) [0x00031] in <a1c0aa437e5e4390b6dc9815bcde292d>:0 
  at Splatform.PlatformManager.InitializeAsync (Splatform.PlatformConfiguration platformConfiguration, Splatform.AsyncOperationCompletedHandler completedHandler) [0x00044] in <a1c0aa437e5e4390b6dc9815bcde292d>:0 
  at PlatformInitializer.InitializePlatform () [0x00058] in <b8a6fd30306143b399f211c2e315bc54>:0 

09/13/2026 19:08:03: Set background loading budget to Low
09/13/2026 19:08:03: Loading first scene!
09/13/2026 19:08:03: Fast load set to True
09/13/2026 19:08:03: Fast load counter set to 1
09/13/2026 19:08:03: Preferences initialized! Activating first scene!
Unloading 4 Unused Serialized files (Serialized files now loaded: 8)
UnloadTime: 0.028000 ms
InvalidOperationException: Steamworks is not initialized.
  at Steamworks.InteropHelp.TestIfAvailableClient () [0x0001d] in <bffc49b0004d4c5c9e7e24e6e098c819>:0 
  at Steamworks.SteamUtils.IsSteamRunningOnSteamDeck () [0x00000] in <bffc49b0004d4c5c9e7e24e6e098c819>:0 
  at PlatformPrefs.MigratePlatformKeyIfNeeded (System.String key, System.String& prefixedKey) [0x00000] in <9c749d5853f14063b4081fc0b76da102>:0 
  at PlatformPrefs.TryGetIntFromPlayerPrefsMigrate (System.String name, System.Int32& value) [0x0000b] in <9c749d5853f14063b4081fc0b76da102>:0 
  at PlatformPrefs.GetInt (System.String name, System.Int32 defaultValue) [0x00018] in <9c749d5853f14063b4081fc0b76da102>:0 
  at GraphicsSettingsManager.LoadGraphicsSettingsFromPlayerPrefs () [0x0002d] in <b8a6fd30306143b399f211c2e315bc54>:0 
  at GraphicsSettingsManager.ApplyStartupSettings () [0x00000] in <b8a6fd30306143b399f211c2e315bc54>:0 
  at GraphicsSettingsManager.Initialize () [0x0001c] in <b8a6fd30306143b399f211c2e315bc54>:0 
  at GraphicsSettingsManager.Awake () [0x0009e] in <b8a6fd30306143b399f211c2e315bc54>:0 
UnityEngine.Object:Internal_CloneSingle_Injected(IntPtr)
UnityEngine.Object:Internal_CloneSingle(Object)
UnityEngine.Object:Instantiate(Object)
UnityEngine.Object:Instantiate(Object, Transform, Boolean)
UnityEngine.Object:Instantiate(GameObject, Transform, Boolean)
UnityEngine.Object:Instantiate(GameObject, Transform)
SoftReferenceableAssets.Utils:Instantiate(SoftReference`1, Transform)
SoftReferencePrefabSpawner:SpawnPrefab()
SoftReferencePrefabSpawner:Awake()

InvalidOperationException: Steamworks is not initialized.
  at Steamworks.InteropHelp.TestIfAvailableClient () [0x0001d] in <bffc49b0004d4c5c9e7e24e6e098c819>:0 
  at Steamworks.SteamUtils.IsSteamRunningOnSteamDeck () [0x00000] in <bffc49b0004d4c5c9e7e24e6e098c819>:0 
  at PlatformPrefs.MigratePlatformKeyIfNeeded (System.String key, System.String& prefixedKey) [0x00000] in <9c749d5853f14063b4081fc0b76da102>:0 
  at PlatformPrefs.TryGetFloatFromPlayerPrefsMigrate (System.String name, System.Single& value) [0x0000b] in <9c749d5853f14063b4081fc0b76da102>:0 
  at PlatformPrefs.GetFloat (System.String name, System.Single defaultValue) [0x00018] in <9c749d5853f14063b4081fc0b76da102>:0 
  at GuiScaler.Awake () [0x00021] in <c513a8301a594f2f86a300fefe48e056>:0 

InvalidOperationException: Steamworks is not initialized.
  at Steamworks.InteropHelp.TestIfAvailableClient () [0x0001d] in <bffc49b0004d4c5c9e7e24e6e098c819>:0 
  at Steamworks.SteamUtils.IsSteamRunningOnSteamDeck () [0x00000] in <bffc49b0004d4c5c9e7e24e6e098c819>:0 
  at PlatformPrefs.MigratePlatformKeyIfNeeded (System.String key, System.String& prefixedKey) [0x00000] in <9c749d5853f14063b4081fc0b76da102>:0 
  at PlatformPrefs.TryGetFloatFromPlayerPrefsMigrate (System.String name, System.Single& value) [0x0000b] in <9c749d5853f14063b4081fc0b76da102>:0 
  at PlatformPrefs.GetFloat (System.String name, System.Single defaultValue) [0x00018] in <9c749d5853f14063b4081fc0b76da102>:0 
  at GuiScaler.Awake () [0x00021] in <c513a8301a594f2f86a300fefe48e056>:0 

InvalidOperationException: Steamworks is not initialized.
  at Steamworks.InteropHelp.TestIfAvailableClient () [0x0001d] in <bffc49b0004d4c5c9e7e24e6e098c819>:0 
  at Steamworks.SteamUtils.IsSteamRunningOnSteamDeck () [0x00000] in <bffc49b0004d4c5c9e7e24e6e098c819>:0 
  at PlatformPrefs.MigratePlatformKeyIfNeeded (System.String key, System.String& prefixedKey) [0x00000] in <9c749d5853f14063b4081fc0b76da102>:0 
  at PlatformPrefs.TryGetIntFromPlayerPrefsMigrate (System.String name, System.Int32& value) [0x0000b] in <9c749d5853f14063b4081fc0b76da102>:0 
  at PlatformPrefs.GetInt (System.String name, System.Int32 defaultValue) [0x00018] in <9c749d5853f14063b4081fc0b76da102>:0 
  at ZInput.Initialize () [0x00012] in <9c749d5853f14063b4081fc0b76da102>:0 
  at SceneLoader.Awake () [0x0005b] in <b8a6fd30306143b399f211c2e315bc54>:0 

InvalidOperationException: Steamworks is not initialized.
  at Steamworks.InteropHelp.TestIfAvailableClient () [0x0001d] in <bffc49b0004d4c5c9e7e24e6e098c819>:0 
  at Steamworks.SteamUtils.IsSteamRunningOnSteamDeck () [0x00000] in <bffc49b0004d4c5c9e7e24e6e098c819>:0 
  at PlatformPrefs.MigratePlatformKeyIfNeeded (System.String key, System.String& prefixedKey) [0x00000] in <9c749d5853f14063b4081fc0b76da102>:0 
  at PlatformPrefs.TryGetFloatFromPlayerPrefsMigrate (System.String name, System.Single& value) [0x0000b] in <9c749d5853f14063b4081fc0b76da102>:0 
  at PlatformPrefs.GetFloat (System.String name, System.Single defaultValue) [0x00018] in <9c749d5853f14063b4081fc0b76da102>:0 
  at GuiScaler.Awake () [0x00021] in <c513a8301a594f2f86a300fefe48e056>:0 

Unloading 26 unused Assets to reduce memory usage. Loaded Objects now: 3063.
Total: 1.252900 ms (FindLiveObjects: 0.063500 ms CreateObjectMapping: 0.026900 ms MarkObjects: 1.138500 ms  DeleteObjects: 0.023900 ms)

09/13/2026 19:08:03: Fast load set to False
09/13/2026 19:08:03: Fast load counter set to 0
